// Jest Snapshot v1, https://goo.gl/fbAQLP

exports[`Button renders correctly 1`] = `
<View
  accessible={true}
  collapsable={false}
  focusable={true}
  onBlur={[Function]}
  onClick={[Function]}
  onFocus={[Function]}
  onResponderGrant={[Function]}
  onResponderMove={[Function]}
  onResponderRelease={[Function]}
  onResponderTerminate={[Function]}
  onResponderTerminationRequest={[Function]}
  onStartShouldSetResponder={[Function]}
  style={
    Object {
      "alignItems": "center",
      "backgroundColor": "black",
      "height": 60,
      "justifyContent": "center",
      "marginVertical": 40,
      "padding": 20,
      "width": "80%",
    }
  }
>
  <Text
    style={
      Object {
        "color": "white",
        "fontFamily": "OpenSans-Regular",
      }
    }
  >
    TEST
  </Text>
</View>
`;
