// Jest Snapshot v1, https://goo.gl/fbAQLP

exports[`<Home /> renders correctly 1`] = `
<View
  style={
    Object {
      "alignItems": "center",
      "flex": 1,
      "justifyContent": "center",
    }
  }
>
  <View
    style={
      Array [
        Object {
          "paddingBottom": 42,
          "paddingHorizontal": 46,
          "paddingTop": 42,
        },
        undefined,
      ]
    }
  >
    <Text
      style={
        Object {
          "fontSize": 32,
          "fontWeight": "bold",
          "textAlign": "center",
        }
      }
    >
      Things you can say to annoy designers.
    </Text>
  </View>
  <View
    style={
      Object {
        "flex": 5,
      }
    }
  >
    <View
      style={
        Object {
          "alignItems": "center",
          "flex": 1,
          "justifyContent": "center",
          "width": 600,
        }
      }
    >
      <ActivityIndicator
        color="black"
        size="large"
      />
    </View>
  </View>
  <View
    accessible={true}
    collapsable={false}
    focusable={true}
    onBlur={[Function]}
    onClick={[Function]}
    onFocus={[Function]}
    onResponderGrant={[Function]}
    onResponderMove={[Function]}
    onResponderRelease={[Function]}
    onResponderTerminate={[Function]}
    onResponderTerminationRequest={[Function]}
    onStartShouldSetResponder={[Function]}
    style={
      Object {
        "alignItems": "center",
        "backgroundColor": "black",
        "height": 60,
        "justifyContent": "center",
        "marginVertical": 40,
        "width": "80%",
      }
    }
  >
    <Text
      style={
        Object {
          "color": "white",
          "fontFamily": "OpenSans-Regular",
        }
      }
    >
      Save
    </Text>
  </View>
</View>
`;
